// Jest Snapshot v1, https://goo.gl/fbAQLP

exports[`renders correctly 1`] = `
<View
  style={
    Object {
      "backgroundColor": "#050220",
      "borderRadius": 6,
      "height": 12,
      "opacity": 0.7,
      "width": "100%",
    }
  }
>
  <View
    style={
      Object {
        "backgroundColor": "#f067ab",
        "borderRadius": 6,
        "height": 12,
        "width": "10%",
      }
    }
  />
</View>
`;
