// Jest Snapshot v1, https://goo.gl/fbAQLP

exports[`renders correctly 1`] = `
<Text
  style={
    Object {
      "color": "black",
      "fontSize": 48,
      "fontWeight": "bold",
    }
  }
/>
`;
