// Jest Snapshot v1, https://goo.gl/fbAQLP

exports[`completed surveys renders correctly 1`] = `
<View>
  <View
    style={
      Object {
        "display": "flex",
        "flexDirection": "column",
        "height": "100%",
        "justifyContent": "space-between",
      }
    }
  >
    <View
      style={
        Object {
          "marginBottom": 80,
        }
      }
    >
      <View
        style={
          Object {
            "backgroundColor": "white",
            "display": "flex",
            "height": "100%",
            "width": "100%",
          }
        }
      >
        <View
          style={
            Object {
              "alignItems": "flex-end",
              "borderBottomColor": "#f2f6fa",
              "borderBottomWidth": 1,
              "display": "flex",
              "flexDirection": "row",
              "height": 160.07999999999998,
              "justifyContent": "flex-start",
              "paddingBottom": 2,
              "paddingLeft": 12,
              "paddingRight": 12,
            }
          }
        >
          <Text
            style={
              Object {
                "color": "black",
                "fontSize": 60.03,
                "fontWeight": "bold",
              }
            }
          >
            Questionnaires
          </Text>
          <View
            style={
              Object {
                "flex": 1,
                "flexDirection": "row",
              }
            }
          />
        </View>
        <RCTScrollView>
          <View>
            <View
              style={
                Object {
                  "display": "flex",
                  "flexDirection": "row",
                  "flexWrap": "wrap",
                  "padding": 6,
                  "width": "100%",
                }
              }
            >
              <View
                accessible={true}
                focusable={true}
                onClick={[Function]}
                onResponderGrant={[Function]}
                onResponderMove={[Function]}
                onResponderRelease={[Function]}
                onResponderTerminate={[Function]}
                onResponderTerminationRequest={[Function]}
                onStartShouldSetResponder={[Function]}
                style={
                  Object {
                    "opacity": 1,
                    "width": "50%",
                  }
                }
              >
                <View
                  style={
                    Object {
                      "backgroundColor": "#00897b",
                      "borderRadius": 16,
                      "margin": 6,
                      "minHeight": 120,
                      "opacity": 0.33,
                      "padding": 24,
                    }
                  }
                >
                  <Text
                    style={
                      Object {
                        "color": "white",
                        "fontSize": 24,
                        "fontWeight": "bold",
                      }
                    }
                  >
                    social
                  </Text>
                </View>
              </View>
              <View
                accessible={true}
                focusable={true}
                onClick={[Function]}
                onResponderGrant={[Function]}
                onResponderMove={[Function]}
                onResponderRelease={[Function]}
                onResponderTerminate={[Function]}
                onResponderTerminationRequest={[Function]}
                onStartShouldSetResponder={[Function]}
                style={
                  Object {
                    "opacity": 1,
                    "width": "50%",
                  }
                }
              >
                <View
                  style={
                    Object {
                      "backgroundColor": "#ffa000",
                      "borderRadius": 16,
                      "margin": 6,
                      "minHeight": 120,
                      "opacity": 0.33,
                      "padding": 24,
                    }
                  }
                >
                  <Text
                    style={
                      Object {
                        "color": "white",
                        "fontSize": 24,
                        "fontWeight": "bold",
                      }
                    }
                  >
                    emotional
                  </Text>
                </View>
              </View>
              <View
                accessible={true}
                focusable={true}
                onClick={[Function]}
                onResponderGrant={[Function]}
                onResponderMove={[Function]}
                onResponderRelease={[Function]}
                onResponderTerminate={[Function]}
                onResponderTerminationRequest={[Function]}
                onStartShouldSetResponder={[Function]}
                style={
                  Object {
                    "opacity": 1,
                    "width": "50%",
                  }
                }
              >
                <View
                  style={
                    Object {
                      "backgroundColor": "#303f9f",
                      "borderRadius": 16,
                      "margin": 6,
                      "minHeight": 120,
                      "opacity": 0.33,
                      "padding": 24,
                    }
                  }
                >
                  <Text
                    style={
                      Object {
                        "color": "white",
                        "fontSize": 24,
                        "fontWeight": "bold",
                      }
                    }
                  >
                    physical
                  </Text>
                </View>
              </View>
              <View
                accessible={true}
                focusable={true}
                onClick={[Function]}
                onResponderGrant={[Function]}
                onResponderMove={[Function]}
                onResponderRelease={[Function]}
                onResponderTerminate={[Function]}
                onResponderTerminationRequest={[Function]}
                onStartShouldSetResponder={[Function]}
                style={
                  Object {
                    "opacity": 1,
                    "width": "50%",
                  }
                }
              >
                <View
                  style={
                    Object {
                      "backgroundColor": "#c6282b",
                      "borderRadius": 16,
                      "margin": 6,
                      "minHeight": 120,
                      "opacity": 0.33,
                      "padding": 24,
                    }
                  }
                >
                  <Text
                    style={
                      Object {
                        "color": "white",
                        "fontSize": 24,
                        "fontWeight": "bold",
                      }
                    }
                  >
                    mental
                  </Text>
                </View>
              </View>
              <View
                accessible={true}
                focusable={true}
                onClick={[Function]}
                onResponderGrant={[Function]}
                onResponderMove={[Function]}
                onResponderRelease={[Function]}
                onResponderTerminate={[Function]}
                onResponderTerminationRequest={[Function]}
                onStartShouldSetResponder={[Function]}
                style={
                  Object {
                    "opacity": 1,
                    "width": "50%",
                  }
                }
              >
                <View
                  style={
                    Object {
                      "backgroundColor": "#673ab7",
                      "borderRadius": 16,
                      "margin": 6,
                      "minHeight": 120,
                      "opacity": 0.33,
                      "padding": 24,
                    }
                  }
                >
                  <Text
                    style={
                      Object {
                        "color": "white",
                        "fontSize": 24,
                        "fontWeight": "bold",
                      }
                    }
                  >
                    spiritual
                  </Text>
                </View>
              </View>
              <View
                accessible={true}
                focusable={true}
                onClick={[Function]}
                onResponderGrant={[Function]}
                onResponderMove={[Function]}
                onResponderRelease={[Function]}
                onResponderTerminate={[Function]}
                onResponderTerminationRequest={[Function]}
                onStartShouldSetResponder={[Function]}
                style={
                  Object {
                    "alignItems": "center",
                    "display": "flex",
                    "opacity": 1,
                    "width": "50%",
                  }
                }
              >
                <View
                  style={
                    Object {
                      "alignItems": "center",
                      "backgroundColor": "#e2e4ef",
                      "borderRadius": 400,
                      "display": "flex",
                      "justifyContent": "center",
                      "margin": 6,
                      "minHeight": 120,
                      "opacity": 0.33,
                      "padding": 24,
                      "width": 120,
                    }
                  }
                >
                  <Text
                    style={
                      Object {
                        "color": "black",
                        "fontSize": 24,
                        "fontWeight": "bold",
                      }
                    }
                  >
                    Begin
                  </Text>
                </View>
              </View>
            </View>
            <View
              style={
                Object {
                  "display": "flex",
                  "width": "100%",
                }
              }
            >
              <View
                style={
                  Object {
                    "alignItems": "center",
                    "borderTopColor": "#f2f6fa",
                    "borderTopWidth": 1,
                    "display": "flex",
                    "margin": 12,
                    "paddingTop": 12,
                  }
                }
              >
                <Text>
                  Completed Surveys
                </Text>
              </View>
            </View>
          </View>
        </RCTScrollView>
      </View>
    </View>
    <View
      style={
        Object {
          "backgroundColor": "white",
          "borderColor": "#eaeaea",
          "borderTopWidth": 1,
          "display": "flex",
          "flexDirection": "row",
          "height": 80,
          "justifyContent": "space-between",
          "marginTop": "auto",
          "padding": 8,
          "paddingLeft": 0,
          "paddingRight": 0,
        }
      }
    >
      <View
        accessible={true}
        focusable={true}
        onClick={[Function]}
        onResponderGrant={[Function]}
        onResponderMove={[Function]}
        onResponderRelease={[Function]}
        onResponderTerminate={[Function]}
        onResponderTerminationRequest={[Function]}
        onStartShouldSetResponder={[Function]}
        style={
          Object {
            "display": "flex",
            "flexGrow": 1,
            "opacity": 1,
            "paddingLeft": 32,
          }
        }
      >
        <
          color="#12121a"
          icon={
            Object {
              "icon": Array [
                512,
                512,
                Array [],
                "f111",
                "M256 8C119 8 8 119 8 256s111 248 248 248 248-111 248-248S393 8 256 8zm0 448c-110.5 0-200-89.5-200-200S145.5 56 256 56s200 89.5 200 200-89.5 200-200 200z",
              ],
              "iconName": "circle",
              "prefix": "far",
            }
          }
          size={28}
        />
      </View>
      <View
        accessible={true}
        focusable={true}
        onClick={[Function]}
        onResponderGrant={[Function]}
        onResponderMove={[Function]}
        onResponderRelease={[Function]}
        onResponderTerminate={[Function]}
        onResponderTerminationRequest={[Function]}
        onStartShouldSetResponder={[Function]}
        style={
          Object {
            "alignItems": "center",
            "display": "flex",
            "flexGrow": 2,
            "opacity": 1,
          }
        }
      >
        <
          color="#12121a"
          icon={
            Object {
              "icon": Array [
                576,
                512,
                Array [],
                "f1ea",
                "M552 64H88c-13.255 0-24 10.745-24 24v8H24c-13.255 0-24 10.745-24 24v272c0 30.928 25.072 56 56 56h472c26.51 0 48-21.49 48-48V88c0-13.255-10.745-24-24-24zM56 400a8 8 0 0 1-8-8V144h16v248a8 8 0 0 1-8 8zm236-16H140c-6.627 0-12-5.373-12-12v-8c0-6.627 5.373-12 12-12h152c6.627 0 12 5.373 12 12v8c0 6.627-5.373 12-12 12zm208 0H348c-6.627 0-12-5.373-12-12v-8c0-6.627 5.373-12 12-12h152c6.627 0 12 5.373 12 12v8c0 6.627-5.373 12-12 12zm-208-96H140c-6.627 0-12-5.373-12-12v-8c0-6.627 5.373-12 12-12h152c6.627 0 12 5.373 12 12v8c0 6.627-5.373 12-12 12zm208 0H348c-6.627 0-12-5.373-12-12v-8c0-6.627 5.373-12 12-12h152c6.627 0 12 5.373 12 12v8c0 6.627-5.373 12-12 12zm0-96H140c-6.627 0-12-5.373-12-12v-40c0-6.627 5.373-12 12-12h360c6.627 0 12 5.373 12 12v40c0 6.627-5.373 12-12 12z",
              ],
              "iconName": "newspaper",
              "prefix": "fas",
            }
          }
          size={28}
        />
      </View>
      <View
        accessible={true}
        focusable={true}
        onClick={[Function]}
        onResponderGrant={[Function]}
        onResponderMove={[Function]}
        onResponderRelease={[Function]}
        onResponderTerminate={[Function]}
        onResponderTerminationRequest={[Function]}
        onStartShouldSetResponder={[Function]}
        style={
          Object {
            "alignItems": "center",
            "display": "flex",
            "flexGrow": 2,
            "opacity": 1,
          }
        }
      >
        <
          color="#12121a"
          icon={
            Object {
              "icon": Array [
                448,
                512,
                Array [],
                "f133",
                "M400 64h-48V12c0-6.6-5.4-12-12-12h-40c-6.6 0-12 5.4-12 12v52H160V12c0-6.6-5.4-12-12-12h-40c-6.6 0-12 5.4-12 12v52H48C21.5 64 0 85.5 0 112v352c0 26.5 21.5 48 48 48h352c26.5 0 48-21.5 48-48V112c0-26.5-21.5-48-48-48zm-6 400H54c-3.3 0-6-2.7-6-6V160h352v298c0 3.3-2.7 6-6 6z",
              ],
              "iconName": "calendar",
              "prefix": "far",
            }
          }
          size={28}
        />
      </View>
      <View
        accessible={true}
        focusable={true}
        onClick={[Function]}
        onResponderGrant={[Function]}
        onResponderMove={[Function]}
        onResponderRelease={[Function]}
        onResponderTerminate={[Function]}
        onResponderTerminationRequest={[Function]}
        onStartShouldSetResponder={[Function]}
        style={
          Object {
            "alignItems": "flex-end",
            "display": "flex",
            "flexGrow": 1,
            "opacity": 1,
            "paddingRight": 32,
          }
        }
      >
        <
          color="#12121a"
          icon={
            Object {
              "icon": Array [
                448,
                512,
                Array [],
                "f007",
                "M313.6 304c-28.7 0-42.5 16-89.6 16-47.1 0-60.8-16-89.6-16C60.2 304 0 364.2 0 438.4V464c0 26.5 21.5 48 48 48h352c26.5 0 48-21.5 48-48v-25.6c0-74.2-60.2-134.4-134.4-134.4zM400 464H48v-25.6c0-47.6 38.8-86.4 86.4-86.4 14.6 0 38.3 16 89.6 16 51.7 0 74.9-16 89.6-16 47.6 0 86.4 38.8 86.4 86.4V464zM224 288c79.5 0 144-64.5 144-144S303.5 0 224 0 80 64.5 80 144s64.5 144 144 144zm0-240c52.9 0 96 43.1 96 96s-43.1 96-96 96-96-43.1-96-96 43.1-96 96-96z",
              ],
              "iconName": "user",
              "prefix": "far",
            }
          }
          size={28}
        />
      </View>
    </View>
  </View>
</View>
`;
